Archive member included because of file (symbol)

/Users/cnoviello/STM32Toolchain/gcc-arm-none-eabi-4_9-2015q2/bin/../lib/gcc/arm-none-eabi/4.9.3/armv6-m/libgcc.a(_udivsi3.o)
                              ./system/src/stm32f0xx/stm32f0xx_hal.o (__aeabi_uidiv)
/Users/cnoviello/STM32Toolchain/gcc-arm-none-eabi-4_9-2015q2/bin/../lib/gcc/arm-none-eabi/4.9.3/armv6-m/libgcc.a(_dvmd_tls.o)
                              /Users/cnoviello/STM32Toolchain/gcc-arm-none-eabi-4_9-2015q2/bin/../lib/gcc/arm-none-eabi/4.9.3/armv6-m/libgcc.a(_udivsi3.o) (__aeabi_idiv0)
/Users/cnoviello/STM32Toolchain/gcc-arm-none-eabi-4_9-2015q2/bin/../lib/gcc/arm-none-eabi/4.9.3/armv6-m/libgcc.a(unwind-arm.o)
                              ./system/src/newlib/_cxx.o (__aeabi_unwind_cpp_pr1)
/Users/cnoviello/STM32Toolchain/gcc-arm-none-eabi-4_9-2015q2/bin/../lib/gcc/arm-none-eabi/4.9.3/armv6-m/libgcc.a(libunwind.o)
                              /Users/cnoviello/STM32Toolchain/gcc-arm-none-eabi-4_9-2015q2/bin/../lib/gcc/arm-none-eabi/4.9.3/armv6-m/libgcc.a(unwind-arm.o) (restore_core_regs)
/Users/cnoviello/STM32Toolchain/gcc-arm-none-eabi-4_9-2015q2/bin/../lib/gcc/arm-none-eabi/4.9.3/armv6-m/libgcc.a(pr-support.o)
                              /Users/cnoviello/STM32Toolchain/gcc-arm-none-eabi-4_9-2015q2/bin/../lib/gcc/arm-none-eabi/4.9.3/armv6-m/libgcc.a(unwind-arm.o) (__gnu_unwind_execute)
/Users/cnoviello/STM32Toolchain/gcc-arm-none-eabi-4_9-2015q2/bin/../lib/gcc/arm-none-eabi/4.9.3/../../../../arm-none-eabi/lib/armv6-m/libg_nano.a(lib_a-errno.o)
                              ./system/src/newlib/_sbrk.o (__errno)
/Users/cnoviello/STM32Toolchain/gcc-arm-none-eabi-4_9-2015q2/bin/../lib/gcc/arm-none-eabi/4.9.3/../../../../arm-none-eabi/lib/armv6-m/libg_nano.a(lib_a-impure.o)
                              /Users/cnoviello/STM32Toolchain/gcc-arm-none-eabi-4_9-2015q2/bin/../lib/gcc/arm-none-eabi/4.9.3/../../../../arm-none-eabi/lib/armv6-m/libg_nano.a(lib_a-errno.o) (_impure_ptr)
/Users/cnoviello/STM32Toolchain/gcc-arm-none-eabi-4_9-2015q2/bin/../lib/gcc/arm-none-eabi/4.9.3/../../../../arm-none-eabi/lib/armv6-m/libg_nano.a(lib_a-init.o)
                              ./system/src/cmsis/startup_stm32f030x8.o (__libc_init_array)
/Users/cnoviello/STM32Toolchain/gcc-arm-none-eabi-4_9-2015q2/bin/../lib/gcc/arm-none-eabi/4.9.3/../../../../arm-none-eabi/lib/armv6-m/libg_nano.a(lib_a-memcpy.o)
                              ./system/src/stm32f0xx/stm32f0xx_hal_rcc.o (memcpy)
/Users/cnoviello/STM32Toolchain/gcc-arm-none-eabi-4_9-2015q2/bin/../lib/gcc/arm-none-eabi/4.9.3/../../../../arm-none-eabi/lib/armv6-m/libg_nano.a(lib_a-strlen.o)
                              ./system/src/diag/Trace.o (strlen)
/Users/cnoviello/STM32Toolchain/gcc-arm-none-eabi-4_9-2015q2/bin/../lib/gcc/arm-none-eabi/4.9.3/../../../../arm-none-eabi/lib/armv6-m/libg_nano.a(lib_a-vsnprintf.o)
                              ./system/src/diag/Trace.o (vsnprintf)
/Users/cnoviello/STM32Toolchain/gcc-arm-none-eabi-4_9-2015q2/bin/../lib/gcc/arm-none-eabi/4.9.3/../../../../arm-none-eabi/lib/armv6-m/libg_nano.a(lib_a-nano-svfprintf.o)
                              /Users/cnoviello/STM32Toolchain/gcc-arm-none-eabi-4_9-2015q2/bin/../lib/gcc/arm-none-eabi/4.9.3/../../../../arm-none-eabi/lib/armv6-m/libg_nano.a(lib_a-vsnprintf.o) (_svfprintf_r)
/Users/cnoviello/STM32Toolchain/gcc-arm-none-eabi-4_9-2015q2/bin/../lib/gcc/arm-none-eabi/4.9.3/../../../../arm-none-eabi/lib/armv6-m/libg_nano.a(lib_a-nano-vfprintf_i.o)
                              /Users/cnoviello/STM32Toolchain/gcc-arm-none-eabi-4_9-2015q2/bin/../lib/gcc/arm-none-eabi/4.9.3/../../../../arm-none-eabi/lib/armv6-m/libg_nano.a(lib_a-nano-svfprintf.o) (_printf_i)
/Users/cnoviello/STM32Toolchain/gcc-arm-none-eabi-4_9-2015q2/bin/../lib/gcc/arm-none-eabi/4.9.3/../../../../arm-none-eabi/lib/armv6-m/libg_nano.a(lib_a-memchr.o)
                              /Users/cnoviello/STM32Toolchain/gcc-arm-none-eabi-4_9-2015q2/bin/../lib/gcc/arm-none-eabi/4.9.3/../../../../arm-none-eabi/lib/armv6-m/libg_nano.a(lib_a-nano-svfprintf.o) (memchr)
/Users/cnoviello/STM32Toolchain/gcc-arm-none-eabi-4_9-2015q2/bin/../lib/gcc/arm-none-eabi/4.9.3/../../../../arm-none-eabi/lib/armv6-m/libg_nano.a(lib_a-memmove.o)
                              /Users/cnoviello/STM32Toolchain/gcc-arm-none-eabi-4_9-2015q2/bin/../lib/gcc/arm-none-eabi/4.9.3/../../../../arm-none-eabi/lib/armv6-m/libg_nano.a(lib_a-nano-svfprintf.o) (memmove)
/Users/cnoviello/STM32Toolchain/gcc-arm-none-eabi-4_9-2015q2/bin/../lib/gcc/arm-none-eabi/4.9.3/../../../../arm-none-eabi/lib/armv6-m/libg_nano.a(lib_a-nano-freer.o)
                              /Users/cnoviello/STM32Toolchain/gcc-arm-none-eabi-4_9-2015q2/bin/../lib/gcc/arm-none-eabi/4.9.3/../../../../arm-none-eabi/lib/armv6-m/libg_nano.a(lib_a-nano-svfprintf.o) (_free_r)
/Users/cnoviello/STM32Toolchain/gcc-arm-none-eabi-4_9-2015q2/bin/../lib/gcc/arm-none-eabi/4.9.3/../../../../arm-none-eabi/lib/armv6-m/libg_nano.a(lib_a-nano-mallocr.o)
[...]
Memory Configuration

Name             Origin             Length             Attributes
FLASH            0x0000000008000000 0x0000000000010000 xr
RAM              0x0000000020000000 0x0000000000002000 xrw
CCMRAM           0x0000000010000000 0x0000000000000000 xrw
FLASHB1          0x0000000000000000 0x0000000000000000 xr
EXTMEMB0         0x0000000000000000 0x0000000000000000 xr
EXTMEMB1         0x0000000000000000 0x0000000000000000 xr
EXTMEMB2         0x0000000000000000 0x0000000000000000 xr
EXTMEMB3         0x0000000000000000 0x0000000000000000 xr
*default*        0x0000000000000000 0xffffffffffffffff

Linker script and memory map

LOAD ./system/src/stm32f0xx/stm32f0xx_hal.o
LOAD ./system/src/stm32f0xx/stm32f0xx_hal_adc.o
LOAD ./system/src/stm32f0xx/stm32f0xx_hal_adc_ex.o
LOAD ./system/src/stm32f0xx/stm32f0xx_hal_can.o
LOAD ./system/src/stm32f0xx/stm32f0xx_hal_cec.o
LOAD ./system/src/stm32f0xx/stm32f0xx_hal_comp.o
LOAD ./system/src/stm32f0xx/stm32f0xx_hal_cortex.o
LOAD ./system/src/stm32f0xx/stm32f0xx_hal_crc.o
LOAD ./system/src/stm32f0xx/stm32f0xx_hal_crc_ex.o
LOAD ./system/src/stm32f0xx/stm32f0xx_hal_dac.o
LOAD ./system/src/stm32f0xx/stm32f0xx_hal_dac_ex.o
LOAD ./system/src/stm32f0xx/stm32f0xx_hal_dma.o
LOAD ./system/src/stm32f0xx/stm32f0xx_hal_flash.o
LOAD ./system/src/stm32f0xx/stm32f0xx_hal_flash_ex.o
LOAD ./system/src/stm32f0xx/stm32f0xx_hal_gpio.o
LOAD ./system/src/stm32f0xx/stm32f0xx_hal_i2c.o
LOAD ./system/src/stm32f0xx/stm32f0xx_hal_i2c_ex.o
LOAD ./system/src/stm32f0xx/stm32f0xx_hal_i2s.o
LOAD ./system/src/stm32f0xx/stm32f0xx_hal_irda.o
LOAD ./system/src/stm32f0xx/stm32f0xx_hal_iwdg.o
LOAD ./system/src/stm32f0xx/stm32f0xx_hal_msp_template.o
LOAD ./system/src/stm32f0xx/stm32f0xx_hal_pcd.o
LOAD ./system/src/stm32f0xx/stm32f0xx_hal_pcd_ex.o
LOAD ./system/src/stm32f0xx/stm32f0xx_hal_pwr.o
LOAD ./system/src/stm32f0xx/stm32f0xx_hal_pwr_ex.o
LOAD ./system/src/stm32f0xx/stm32f0xx_hal_rcc.o
LOAD ./system/src/stm32f0xx/stm32f0xx_hal_rcc_ex.o
LOAD ./system/src/stm32f0xx/stm32f0xx_hal_rtc.o
LOAD ./system/src/stm32f0xx/stm32f0xx_hal_rtc_ex.o
LOAD ./system/src/stm32f0xx/stm32f0xx_hal_smartcard.o
LOAD ./system/src/stm32f0xx/stm32f0xx_hal_smartcard_ex.o
LOAD ./system/src/stm32f0xx/stm32f0xx_hal_smbus.o
LOAD ./system/src/stm32f0xx/stm32f0xx_hal_spi.o
LOAD ./system/src/stm32f0xx/stm32f0xx_hal_spi_ex.o
LOAD ./system/src/stm32f0xx/stm32f0xx_hal_tim.o
LOAD ./system/src/stm32f0xx/stm32f0xx_hal_tim_ex.o
LOAD ./system/src/stm32f0xx/stm32f0xx_hal_tsc.o
LOAD ./system/src/stm32f0xx/stm32f0xx_hal_uart.o
LOAD ./system/src/stm32f0xx/stm32f0xx_hal_uart_ex.o
LOAD ./system/src/stm32f0xx/stm32f0xx_hal_usart.o
LOAD ./system/src/stm32f0xx/stm32f0xx_hal_wwdg.o
LOAD ./system/src/newlib/_cxx.o
LOAD ./system/src/newlib/_exit.o
LOAD ./system/src/newlib/_sbrk.o
LOAD ./system/src/newlib/_startup.o
LOAD ./system/src/newlib/_syscalls.o
LOAD ./system/src/newlib/assert.o
LOAD ./system/src/diag/Trace.o
LOAD ./system/src/diag/trace_impl.o
LOAD ./system/src/cortexm/_initialize_hardware.o
LOAD ./system/src/cortexm/_reset_hardware.o
LOAD ./system/src/cortexm/exception_handlers.o
LOAD ./system/src/cmsis/startup_stm32f030x8.o
LOAD ./system/src/cmsis/system_stm32f0xx.o
LOAD ./src/_write.o
LOAD ./src/main.o
LOAD ./src/stm32f0xx_it.o
LOAD ./src/stm32f0xx_nucleo.o
LOAD /Users/cnoviello/STM32Toolchain/gcc-arm-none-eabi-4_9-2015q2/bin/../lib/gcc/arm-none-eabi/4.9.3/../../../../arm-none-eabi/lib/armv6-m/libstdc++_nano.a
LOAD /Users/cnoviello/STM32Toolchain/gcc-arm-none-eabi-4_9-2015q2/bin/../lib/gcc/arm-none-eabi/4.9.3/../../../../arm-none-eabi/lib/armv6-m/libm.a
START GROUP
LOAD /Users/cnoviello/STM32Toolchain/gcc-arm-none-eabi-4_9-2015q2/bin/../lib/gcc/arm-none-eabi/4.9.3/armv6-m/libgcc.a
LOAD /Users/cnoviello/STM32Toolchain/gcc-arm-none-eabi-4_9-2015q2/bin/../lib/gcc/arm-none-eabi/4.9.3/../../../../arm-none-eabi/lib/armv6-m/libg_nano.a
LOAD /Users/cnoviello/STM32Toolchain/gcc-arm-none-eabi-4_9-2015q2/bin/../lib/gcc/arm-none-eabi/4.9.3/../../../../arm-none-eabi/lib/armv6-m/libc_nano.a
END GROUP
START GROUP
LOAD /Users/cnoviello/STM32Toolchain/gcc-arm-none-eabi-4_9-2015q2/bin/../lib/gcc/arm-none-eabi/4.9.3/armv6-m/libgcc.a
LOAD /Users/cnoviello/STM32Toolchain/gcc-arm-none-eabi-4_9-2015q2/bin/../lib/gcc/arm-none-eabi/4.9.3/../../../../arm-none-eabi/lib/armv6-m/libc_nano.a
END GROUP
                0x0000000020002000                __stack = (ORIGIN (RAM) + 0x2000)
                0x0000000020002000                _estack = __stack
                0x0000000000000400                __Main_Stack_Size = 0x400
                0x0000000000000400                PROVIDE (_Main_Stack_Size, __Main_Stack_Size)
                0x0000000020001c00                __Main_Stack_Limit = (__stack - __Main_Stack_Size)
                0x0000000020001c00                PROVIDE (_Main_Stack_Limit, __Main_Stack_Limit)
                0x0000000000000100                _Minimum_Stack_Size = 0x100
                0x000000002000013c                PROVIDE (_Heap_Begin, _end_noinit)
                0x0000000020001c00                PROVIDE (_Heap_Limit, (__stack - __Main_Stack_Size))

.isr_vector     0x0000000008000000      0x228
                0x0000000008000000                . = ALIGN (0x4)
 *(.isr_vector)
 .isr_vector    0x0000000008000000       0xc0 ./system/src/cmsis/startup_stm32f030x8.o
                0x0000000008000000                g_pfnVectors
 *(.cfmconfig)
 *(.after_vectors .after_vectors.*)
 .after_vectors
                0x00000000080000c0      0x118 ./system/src/newlib/_startup.o
                0x00000000080000c0                _start
 .after_vectors
                0x00000000080001d8       0x50 ./system/src/cortexm/exception_handlers.o
                0x00000000080001d8                Reset_Handler
                0x00000000080001fc                HardFault_Handler_C
                0x0000000008000228                . = ALIGN (0x4)

.inits          0x0000000008000228        0x0
                0x0000000008000228                . = ALIGN (0x4)
 *(.init)
 *(.fini)
                0x0000000008000228                . = ALIGN (0x4)
                0x0000000008000228                PROVIDE (__preinit_array_start, .)
 *(.preinit_array_sysinit .preinit_array_sysinit.*)
 *(.preinit_array_platform .preinit_array_platform.*)
 *(.preinit_array .preinit_array.*)
                0x0000000008000228                PROVIDE (__preinit_array_end, .)
                0x0000000008000228                . = ALIGN (0x4)
                0x0000000008000228                PROVIDE (__init_array_start, .)
 *(SORT(.init_array.*))
 *(.init_array)
                0x0000000008000228                PROVIDE (__init_array_end, .)
                0x0000000008000228                . = ALIGN (0x4)
                0x0000000008000228                PROVIDE (__fini_array_start, .)
 *(SORT(.fini_array.*))
 *(.fini_array)
                0x0000000008000228                PROVIDE (__fini_array_end, .)
                0x0000000008000228                . = ALIGN (0x4)

.flashtext      0x0000000008000228        0x0
                0x0000000008000228                . = ALIGN (0x4)
 *(.flashtext .flashtext.*)
                0x0000000008000228                . = ALIGN (0x4)

.text           0x0000000008000228     0x1775
                0x0000000008000228                . = ALIGN (0x4)
 *(.text .text.*)
 .text.HAL_InitTick
                0x0000000008000228       0x24 ./system/src/stm32f0xx/stm32f0xx_hal.o
                0x0000000008000228                HAL_InitTick
 .text.HAL_Init
                0x000000000800024c       0x20 ./system/src/stm32f0xx/stm32f0xx_hal.o
                0x000000000800024c                HAL_Init
 .text.HAL_IncTick
                0x000000000800026c       0x10 ./system/src/stm32f0xx/stm32f0xx_hal.o
                0x000000000800026c                HAL_IncTick
 .text.HAL_GetTick
                0x000000000800027c        0xc ./system/src/stm32f0xx/stm32f0xx_hal.o
                0x000000000800027c                HAL_GetTick
 .text.HAL_Delay
                0x0000000008000288       0x1c ./system/src/stm32f0xx/stm32f0xx_hal.o
                0x0000000008000288                HAL_Delay
 .text.HAL_NVIC_SetPriority
                0x00000000080002a4       0x64 ./system/src/stm32f0xx/stm32f0xx_hal_cortex.o
                0x00000000080002a4                HAL_NVIC_SetPriority
 .text.HAL_SYSTICK_Config
                0x0000000008000308       0x38 ./system/src/stm32f0xx/stm32f0xx_hal_cortex.o
                0x0000000008000308                HAL_SYSTICK_Config
 .text.HAL_GPIO_Init
                0x0000000008000340      0x190 ./system/src/stm32f0xx/stm32f0xx_hal_gpio.o
                0x0000000008000340                HAL_GPIO_Init
 .text.HAL_GPIO_TogglePin
                0x00000000080004d0        0x8 ./system/src/stm32f0xx/stm32f0xx_hal_gpio.o
                0x00000000080004d0                HAL_GPIO_TogglePin
 .text.HAL_MspInit
                0x00000000080004d8        0x4 ./system/src/stm32f0xx/stm32f0xx_hal_msp_template.o
                0x00000000080004d8                HAL_MspInit
 .text.HAL_RCC_OscConfig
                0x00000000080004dc      0x4cc ./system/src/stm32f0xx/stm32f0xx_hal_rcc.o
                0x00000000080004dc                HAL_RCC_OscConfig
 .text.HAL_RCC_ClockConfig
                0x00000000080009a8      0x200 ./system/src/stm32f0xx/stm32f0xx_hal_rcc.o
                0x00000000080009a8                HAL_RCC_ClockConfig
 .text.HAL_RCC_GetSysClockFreq
                0x0000000008000ba8       0x68 ./system/src/stm32f0xx/stm32f0xx_hal_rcc.o
                0x0000000008000ba8                HAL_RCC_GetSysClockFreq
 .text.HAL_RCC_GetHCLKFreq
                0x0000000008000c10       0x28 ./system/src/stm32f0xx/stm32f0xx_hal_rcc.o
                0x0000000008000c10                HAL_RCC_GetHCLKFreq
 .text._exit    0x0000000008000c38        0x4 ./system/src/newlib/_exit.o
                0x0000000008000c38                _exit
 .text._sbrk    0x0000000008000c3c       0x44 ./system/src/newlib/_sbrk.o
                0x0000000008000c3c                _sbrk
 .text.__initialize_args
                0x0000000008000c80       0x10 ./system/src/newlib/_syscalls.o
                0x0000000008000c80                __initialize_args
 .text.trace_printf
                0x0000000008000c90       0x30 ./system/src/diag/Trace.o
                0x0000000008000c90                trace_printf
 .text.trace_write
                0x0000000008000cc0        0x8 ./system/src/diag/trace_impl.o
                0x0000000008000cc0                trace_write
 .text.__initialize_hardware_early
                0x0000000008000cc8        0x8 ./system/src/cortexm/_initialize_hardware.o
                0x0000000008000cc8                __initialize_hardware_early
 .text.__initialize_hardware
                0x0000000008000cd0        0x8 ./system/src/cortexm/_initialize_hardware.o
                0x0000000008000cd0                __initialize_hardware
 .text.dumpExceptionStack
                0x0000000008000cd8       0x88 ./system/src/cortexm/exception_handlers.o
                0x0000000008000cd8                dumpExceptionStack
 .text.Default_Handler
                0x0000000008000d60        0x2 ./system/src/cmsis/startup_stm32f030x8.o
                0x0000000008000d60                TIM1_BRK_UP_TRG_COM_IRQHandler
                0x0000000008000d60                TIM6_IRQHandler
                0x0000000008000d60                I2C1_IRQHandler
                0x0000000008000d60                SPI1_IRQHandler
                0x0000000008000d60                EXTI2_3_IRQHandler
                0x0000000008000d60                ADC1_IRQHandler
                0x0000000008000d60                I2C2_IRQHandler
                0x0000000008000d60                TIM17_IRQHandler
                0x0000000008000d60                RTC_IRQHandler
                0x0000000008000d60                TIM16_IRQHandler
                0x0000000008000d60                TIM3_IRQHandler
                0x0000000008000d60                EXTI4_15_IRQHandler
                0x0000000008000d60                RCC_IRQHandler
                0x0000000008000d60                DMA1_Channel1_IRQHandler
                0x0000000008000d60                Default_Handler
                0x0000000008000d60                TIM14_IRQHandler
                0x0000000008000d60                DMA1_Channel4_5_IRQHandler
                0x0000000008000d60                TIM15_IRQHandler
                0x0000000008000d60                EXTI0_1_IRQHandler
                0x0000000008000d60                SPI2_IRQHandler
                0x0000000008000d60                WWDG_IRQHandler
                0x0000000008000d60                DMA1_Channel2_3_IRQHandler
                0x0000000008000d60                USART2_IRQHandler
                0x0000000008000d60                FLASH_IRQHandler
                0x0000000008000d60                USART1_IRQHandler
                0x0000000008000d60                TIM1_CC_IRQHandler
 *fill*         0x0000000008000d62        0x2 
 .text.SystemInit
                0x0000000008000d64       0x60 ./system/src/cmsis/system_stm32f0xx.o
                0x0000000008000d64                SystemInit
 .text.SystemCoreClockUpdate
                0x0000000008000dc4       0x88 ./system/src/cmsis/system_stm32f0xx.o
                0x0000000008000dc4                SystemCoreClockUpdate
 .text.Error_Handler
                0x0000000008000e4c        0x4 ./src/main.o
 .text.SystemClock_Config
                0x0000000008000e50       0x48 ./src/main.o
 .text.main     0x0000000008000e98       0x54 ./src/main.o
                0x0000000008000e98                main
 .text.NMI_Handler
                0x0000000008000eec        0x4 ./src/stm32f0xx_it.o
                0x0000000008000eec                NMI_Handler
 .text.HardFault_Handler
                0x0000000008000ef0        0x4 ./src/stm32f0xx_it.o
                0x0000000008000ef0                HardFault_Handler
 .text.SVC_Handler
                0x0000000008000ef4        0x4 ./src/stm32f0xx_it.o
                0x0000000008000ef4                SVC_Handler
 .text.PendSV_Handler
                0x0000000008000ef8        0x4 ./src/stm32f0xx_it.o
                0x0000000008000ef8                PendSV_Handler
 .text.SysTick_Handler
                0x0000000008000efc        0x8 ./src/stm32f0xx_it.o
                0x0000000008000efc                SysTick_Handler
 .text          0x0000000008000f04      0x120 /Users/cnoviello/STM32Toolchain/gcc-arm-none-eabi-4_9-2015q2/bin/../lib/gcc/arm-none-eabi/4.9.3/armv6-m/libgcc.a(_udivsi3.o)
                0x0000000008000f04                __udivsi3
                0x0000000008000f04                __aeabi_uidiv
                0x0000000008001010                __aeabi_uidivmod
 .text          0x0000000008001024        0x4 /Users/cnoviello/STM32Toolchain/gcc-arm-none-eabi-4_9-2015q2/bin/../lib/gcc/arm-none-eabi/4.9.3/armv6-m/libgcc.a(_dvmd_tls.o)
                0x0000000008001024                __aeabi_ldiv0
                0x0000000008001024                __aeabi_idiv0
 .text.__errno  0x0000000008001028        0xc /Users/cnoviello/STM32Toolchain/gcc-arm-none-eabi-4_9-2015q2/bin/../lib/gcc/arm-none-eabi/4.9.3/../../../../arm-none-eabi/lib/armv6-m/libg_nano.a(lib_a-errno.o)
                0x0000000008001028                __errno
 .text.memcpy   0x0000000008001034       0x12 /Users/cnoviello/STM32Toolchain/gcc-arm-none-eabi-4_9-2015q2/bin/../lib/gcc/arm-none-eabi/4.9.3/../../../../arm-none-eabi/lib/armv6-m/libg_nano.a(lib_a-memcpy.o)
                0x0000000008001034                memcpy
 .text._vsnprintf_r
                0x0000000008001046       0x54 /Users/cnoviello/STM32Toolchain/gcc-arm-none-eabi-4_9-2015q2/bin/../lib/gcc/arm-none-eabi/4.9.3/../../../../arm-none-eabi/lib/armv6-m/libg_nano.a(lib_a-vsnprintf.o)
                0x0000000008001046                _vsnprintf_r
                0x0000000008001046                _vsniprintf_r
 *fill*         0x000000000800109a        0x2 
 .text.vsnprintf
                0x000000000800109c       0x20 /Users/cnoviello/STM32Toolchain/gcc-arm-none-eabi-4_9-2015q2/bin/../lib/gcc/arm-none-eabi/4.9.3/../../../../arm-none-eabi/lib/armv6-m/libg_nano.a(lib_a-vsnprintf.o)
                0x000000000800109c                vsnprintf
                0x000000000800109c                vsniprintf
 .text.__ssputs_r
                0x00000000080010bc       0xc0 /Users/cnoviello/STM32Toolchain/gcc-arm-none-eabi-4_9-2015q2/bin/../lib/gcc/arm-none-eabi/4.9.3/../../../../arm-none-eabi/lib/armv6-m/libg_nano.a(lib_a-nano-svfprintf.o)
                0x00000000080010bc                __ssputs_r
 .text._svfprintf_r
                0x000000000800117c      0x1ec /Users/cnoviello/STM32Toolchain/gcc-arm-none-eabi-4_9-2015q2/bin/../lib/gcc/arm-none-eabi/4.9.3/../../../../arm-none-eabi/lib/armv6-m/libg_nano.a(lib_a-nano-svfprintf.o)
                0x000000000800117c                _svfprintf_r
                0x000000000800117c                _svfiprintf_r
 .text._printf_common
                0x0000000008001368       0xdc /Users/cnoviello/STM32Toolchain/gcc-arm-none-eabi-4_9-2015q2/bin/../lib/gcc/arm-none-eabi/4.9.3/../../../../arm-none-eabi/lib/armv6-m/libg_nano.a(lib_a-nano-vfprintf_i.o)
                0x0000000008001368                _printf_common
 .text._printf_i
                0x0000000008001444      0x230 /Users/cnoviello/STM32Toolchain/gcc-arm-none-eabi-4_9-2015q2/bin/../lib/gcc/arm-none-eabi/4.9.3/../../../../arm-none-eabi/lib/armv6-m/libg_nano.a(lib_a-nano-vfprintf_i.o)
                0x0000000008001444                _printf_i
 .text.memchr   0x0000000008001674       0x16 /Users/cnoviello/STM32Toolchain/gcc-arm-none-eabi-4_9-2015q2/bin/../lib/gcc/arm-none-eabi/4.9.3/../../../../arm-none-eabi/lib/armv6-m/libg_nano.a(lib_a-memchr.o)
                0x0000000008001674                memchr
 .text.memmove  0x000000000800168a       0x28 /Users/cnoviello/STM32Toolchain/gcc-arm-none-eabi-4_9-2015q2/bin/../lib/gcc/arm-none-eabi/4.9.3/../../../../arm-none-eabi/lib/armv6-m/libg_nano.a(lib_a-memmove.o)
                0x000000000800168a                memmove
 *fill*         0x00000000080016b2        0x2 
 .text._free_r  0x00000000080016b4       0x8c /Users/cnoviello/STM32Toolchain/gcc-arm-none-eabi-4_9-2015q2/bin/../lib/gcc/arm-none-eabi/4.9.3/../../../../arm-none-eabi/lib/armv6-m/libg_nano.a(lib_a-nano-freer.o)
                0x00000000080016b4                _free_r
 .text._malloc_r
                0x0000000008001740       0xb0 /Users/cnoviello/STM32Toolchain/gcc-arm-none-eabi-4_9-2015q2/bin/../lib/gcc/arm-none-eabi/4.9.3/../../../../arm-none-eabi/lib/armv6-m/libg_nano.a(lib_a-nano-mallocr.o)
                0x0000000008001740                _malloc_r
 .text._realloc_r
                0x00000000080017f0       0x4c /Users/cnoviello/STM32Toolchain/gcc-arm-none-eabi-4_9-2015q2/bin/../lib/gcc/arm-none-eabi/4.9.3/../../../../arm-none-eabi/lib/armv6-m/libg_nano.a(lib_a-nano-reallocr.o)
                0x00000000080017f0                _realloc_r
 .text._sbrk_r  0x000000000800183c       0x24 /Users/cnoviello/STM32Toolchain/gcc-arm-none-eabi-4_9-2015q2/bin/../lib/gcc/arm-none-eabi/4.9.3/../../../../arm-none-eabi/lib/armv6-m/libg_nano.a(lib_a-sbrkr.o)
                0x000000000800183c                _sbrk_r
 .text._malloc_usable_size_r
                0x0000000008001860       0x16 /Users/cnoviello/STM32Toolchain/gcc-arm-none-eabi-4_9-2015q2/bin/../lib/gcc/arm-none-eabi/4.9.3/../../../../arm-none-eabi/lib/armv6-m/libg_nano.a(lib_a-nano-msizer.o)
                0x0000000008001860                _malloc_usable_size_r
 *(.rodata .rodata.*)
 *fill*         0x0000000008001876        0x2 
 .rodata        0x0000000008001878       0x20 ./system/src/stm32f0xx/stm32f0xx_hal_rcc.o
 .rodata.aAPBAHBPrescTable
                0x0000000008001898       0x10 ./system/src/stm32f0xx/stm32f0xx_hal_rcc.o
                0x0000000008001898                aAPBAHBPrescTable
 .rodata.str1.4
                0x00000000080018a8       0xc0 ./system/src/cortexm/exception_handlers.o
                                         0xbd (size before relaxing)
 .rodata.str1.1
                0x0000000008001968        0x2 /Users/cnoviello/STM32Toolchain/gcc-arm-none-eabi-4_9-2015q2/bin/../lib/gcc/arm-none-eabi/4.9.3/../../../../arm-none-eabi/lib/armv6-m/libg_nano.a(lib_a-impure.o)
 .rodata.str1.1
                0x000000000800196a       0x11 /Users/cnoviello/STM32Toolchain/gcc-arm-none-eabi-4_9-2015q2/bin/../lib/gcc/arm-none-eabi/4.9.3/../../../../arm-none-eabi/lib/armv6-m/libg_nano.a(lib_a-nano-svfprintf.o)
 .rodata.str1.1
                0x000000000800197b       0x22 /Users/cnoviello/STM32Toolchain/gcc-arm-none-eabi-4_9-2015q2/bin/../lib/gcc/arm-none-eabi/4.9.3/../../../../arm-none-eabi/lib/armv6-m/libg_nano.a(lib_a-nano-vfprintf_i.o)
 *(vtable)
 *(.eh_frame*)
 *(.glue_7)
 .glue_7        0x0000000000000000        0x0 linker stubs
 *(.glue_7t)
 .glue_7t       0x0000000000000000        0x0 linker stubs

.vfp11_veneer   0x00000000080019a0        0x0
 .vfp11_veneer  0x0000000000000000        0x0 linker stubs

.v4_bx          0x00000000080019a0        0x0
 .v4_bx         0x0000000000000000        0x0 linker stubs

.iplt           0x00000000080019a0        0x0
 .iplt          0x0000000000000000        0x0 ./system/src/stm32f0xx/stm32f0xx_hal.o

.rel.dyn        0x00000000080019a0        0x0
 .rel.iplt      0x0000000000000000        0x0 ./system/src/stm32f0xx/stm32f0xx_hal.o

.ARM.extab
 *(.ARM.extab* .gnu.linkonce.armextab.*)
                0x00000000080019a0                __exidx_start = .

.ARM.exidx
 *(.ARM.exidx* .gnu.linkonce.armexidx.*)
                0x00000000080019a0                __exidx_end = .
                0x00000000080019a0                . = ALIGN (0x4)
                0x00000000080019a0                _etext = .
                0x00000000080019a0                __etext = .
                0x00000000080019a0                _sidata = _etext

.data           0x0000000020000000       0x88 load address 0x00000000080019a0
                0x0000000020000000                . = ALIGN (0x4)
                0x0000000020000000                _sdata = .
                0x0000000020000000                __data_start__ = .
 *(.data_begin .data_begin.*)
 .data_begin    0x0000000020000000        0x4 ./system/src/newlib/_startup.o
 *(.data .data.*)
 .data.argv.4157
                0x0000000020000004        0x8 ./system/src/newlib/_syscalls.o
 .data.AHBPrescTable
                0x000000002000000c       0x10 ./system/src/cmsis/system_stm32f0xx.o
                0x000000002000000c                AHBPrescTable
 .data.SystemCoreClock
                0x000000002000001c        0x4 ./system/src/cmsis/system_stm32f0xx.o
                0x000000002000001c                SystemCoreClock
 .data.impure_data
                0x0000000020000020       0x60 /Users/cnoviello/STM32Toolchain/gcc-arm-none-eabi-4_9-2015q2/bin/../lib/gcc/arm-none-eabi/4.9.3/../../../../arm-none-eabi/lib/armv6-m/libg_nano.a(lib_a-impure.o)
 .data._impure_ptr
                0x0000000020000080        0x4 /Users/cnoviello/STM32Toolchain/gcc-arm-none-eabi-4_9-2015q2/bin/../lib/gcc/arm-none-eabi/4.9.3/../../../../arm-none-eabi/lib/armv6-m/libg_nano.a(lib_a-impure.o)
                0x0000000020000080                _impure_ptr
 *(.data_end .data_end.*)
 .data_end      0x0000000020000084        0x4 ./system/src/newlib/_startup.o
                0x0000000020000088                . = ALIGN (0x4)
                0x0000000020000088                _edata = .
                0x0000000020000088                __data_end__ = .

.igot.plt       0x0000000020000088        0x0 load address 0x0000000008001a28
 .igot.plt      0x0000000000000000        0x0 ./system/src/stm32f0xx/stm32f0xx_hal.o

.bss            0x0000000020000088       0xb4 load address 0x0000000008001a28
                0x0000000020000088                . = ALIGN (0x4)
                0x0000000020000088                __bss_start__ = .
                0x0000000020000088                _sbss = .
 *(.bss_begin .bss_begin.*)
 .bss_begin     0x0000000020000088        0x4 ./system/src/newlib/_startup.o
 *(.bss .bss.*)
 .bss.uwTick    0x000000002000008c        0x4 ./system/src/stm32f0xx/stm32f0xx_hal.o
 .bss.current_heap_end.3862
                0x0000000020000090        0x4 ./system/src/newlib/_sbrk.o
 .bss.name.4156
                0x0000000020000094        0x1 ./system/src/newlib/_syscalls.o
 *fill*         0x0000000020000095        0x3 
 .bss.buf.4998  0x0000000020000098       0x80 ./system/src/diag/Trace.o
 .bss.GPIO_InitStruct
                0x0000000020000118       0x14 ./src/main.o
 .bss.__malloc_sbrk_start
                0x000000002000012c        0x4 /Users/cnoviello/STM32Toolchain/gcc-arm-none-eabi-4_9-2015q2/bin/../lib/gcc/arm-none-eabi/4.9.3/../../../../arm-none-eabi/lib/armv6-m/libg_nano.a(lib_a-nano-mallocr.o)
                0x000000002000012c                __malloc_sbrk_start
 .bss.__malloc_free_list
                0x0000000020000130        0x4 /Users/cnoviello/STM32Toolchain/gcc-arm-none-eabi-4_9-2015q2/bin/../lib/gcc/arm-none-eabi/4.9.3/../../../../arm-none-eabi/lib/armv6-m/libg_nano.a(lib_a-nano-mallocr.o)
                0x0000000020000130                __malloc_free_list
 *(COMMON)
 COMMON         0x0000000020000134        0x4 ./system/src/newlib/_syscalls.o
                0x0000000020000134                errno
 *(.bss_end .bss_end.*)
 .bss_end       0x0000000020000138        0x4 ./system/src/newlib/_startup.o
                0x000000002000013c                . = ALIGN (0x4)
                0x000000002000013c                __bss_end__ = .
                0x000000002000013c                _ebss = .

.noinit         0x000000002000013c        0x0
                0x000000002000013c                . = ALIGN (0x4)
                0x000000002000013c                _noinit = .
 *(.noinit .noinit.*)
                0x000000002000013c                . = ALIGN (0x4)
                0x000000002000013c                _end_noinit = .
                0x000000002000013c                PROVIDE (end, _end_noinit)
                0x000000002000013c                PROVIDE (_end, _end_noinit)
                0x000000002000013c                PROVIDE (__end, _end_noinit)
                0x000000002000013c                PROVIDE (__end__, _end_noinit)

._check_stack   0x000000002000013c      0x100 load address 0x0000000008001adc
                0x000000002000013c                . = ALIGN (0x4)
                0x000000002000023c                . = (. + _Minimum_Stack_Size)
 *fill*         0x000000002000013c      0x100 
                0x000000002000023c                . = ALIGN (0x4)

.bss_CCMRAM
 *(.bss.CCMRAM .bss.CCMRAM.*)

.b1text
 *(.b1text)
 *(.b1rodata)
 *(.b1rodata.*)

.eb0text
 *(.eb0text)
 *(.eb0rodata)
 *(.eb0rodata.*)

.eb1text
 *(.eb1text)
 *(.eb1rodata)
 *(.eb1rodata.*)

.eb2text
 *(.eb2text)
 *(.eb2rodata)
 *(.eb2rodata.*)

.eb3text
 *(.eb3text)
 *(.eb3rodata)
 *(.eb3rodata.*)

.stab
 *(.stab)

.stabstr
 *(.stabstr)

.stab.excl
 *(.stab.excl)

.stab.exclstr
 *(.stab.exclstr)

.stab.index
 *(.stab.index)

.stab.indexstr
 *(.stab.indexstr)

.comment        0x0000000000000000       0x70
 *(.comment)
 .comment       0x0000000000000000       0x70 ./system/src/stm32f0xx/stm32f0xx_hal.o
                                         0x71 (size before relaxing)
 .comment       0x0000000000000000       0x71 ./system/src/stm32f0xx/stm32f0xx_hal_cortex.o
 .comment       0x0000000000000000       0x71 ./system/src/stm32f0xx/stm32f0xx_hal_gpio.o
 .comment       0x0000000000000000       0x71 ./system/src/stm32f0xx/stm32f0xx_hal_msp_template.o
 .comment       0x0000000000000000       0x71 ./system/src/stm32f0xx/stm32f0xx_hal_rcc.o
 .comment       0x0000000000000000       0x71 ./system/src/newlib/_exit.o
 .comment       0x0000000000000000       0x71 ./system/src/newlib/_sbrk.o
 .comment       0x0000000000000000       0x71 ./system/src/newlib/_startup.o
 .comment       0x0000000000000000       0x71 ./system/src/newlib/_syscalls.o
 .comment       0x0000000000000000       0x71 ./system/src/diag/Trace.o
 .comment       0x0000000000000000       0x71 ./system/src/diag/trace_impl.o
 .comment       0x0000000000000000       0x71 ./system/src/cortexm/_initialize_hardware.o
 .comment       0x0000000000000000       0x71 ./system/src/cortexm/exception_handlers.o
 .comment       0x0000000000000000       0x71 ./system/src/cmsis/system_stm32f0xx.o
 .comment       0x0000000000000000       0x71 ./src/main.o
 .comment       0x0000000000000000       0x71 ./src/stm32f0xx_it.o

.ARM.attributes
                0x0000000000000000       0x2f
 .ARM.attributes
                0x0000000000000000       0x31 ./system/src/stm32f0xx/stm32f0xx_hal.o
 .ARM.attributes
                0x0000000000000031       0x31 ./system/src/stm32f0xx/stm32f0xx_hal_cortex.o
 .ARM.attributes
                0x0000000000000062       0x31 ./system/src/stm32f0xx/stm32f0xx_hal_gpio.o
 .ARM.attributes
                0x0000000000000093       0x31 ./system/src/stm32f0xx/stm32f0xx_hal_msp_template.o
 .ARM.attributes
                0x00000000000000c4       0x31 ./system/src/stm32f0xx/stm32f0xx_hal_rcc.o
 .ARM.attributes
                0x00000000000000f5       0x31 ./system/src/newlib/_exit.o
 .ARM.attributes
                0x0000000000000126       0x31 ./system/src/newlib/_sbrk.o
 .ARM.attributes
                0x0000000000000157       0x31 ./system/src/newlib/_startup.o
 .ARM.attributes
                0x0000000000000188       0x31 ./system/src/newlib/_syscalls.o
 .ARM.attributes
                0x00000000000001b9       0x31 ./system/src/diag/Trace.o
 .ARM.attributes
                0x00000000000001ea       0x31 ./system/src/diag/trace_impl.o
 .ARM.attributes
                0x000000000000021b       0x31 ./system/src/cortexm/_initialize_hardware.o
 .ARM.attributes
                0x000000000000024c       0x31 ./system/src/cortexm/exception_handlers.o
 .ARM.attributes
                0x000000000000027d       0x21 ./system/src/cmsis/startup_stm32f030x8.o
 .ARM.attributes
                0x000000000000029e       0x31 ./system/src/cmsis/system_stm32f0xx.o
 .ARM.attributes
                0x00000000000002cf       0x31 ./src/main.o
 .ARM.attributes
                0x0000000000000300       0x31 ./src/stm32f0xx_it.o
 .ARM.attributes
                0x0000000000000331       0x1e /Users/cnoviello/STM32Toolchain/gcc-arm-none-eabi-4_9-2015q2/bin/../lib/gcc/arm-none-eabi/4.9.3/armv6-m/libgcc.a(_udivsi3.o)
 .ARM.attributes
                0x000000000000034f       0x1e /Users/cnoviello/STM32Toolchain/gcc-arm-none-eabi-4_9-2015q2/bin/../lib/gcc/arm-none-eabi/4.9.3/armv6-m/libgcc.a(_dvmd_tls.o)
 .ARM.attributes
                0x000000000000036d       0x2c /Users/cnoviello/STM32Toolchain/gcc-arm-none-eabi-4_9-2015q2/bin/../lib/gcc/arm-none-eabi/4.9.3/../../../../arm-none-eabi/lib/armv6-m/libg_nano.a(lib_a-errno.o)
 .ARM.attributes
                0x0000000000000399       0x2c /Users/cnoviello/STM32Toolchain/gcc-arm-none-eabi-4_9-2015q2/bin/../lib/gcc/arm-none-eabi/4.9.3/../../../../arm-none-eabi/lib/armv6-m/libg_nano.a(lib_a-impure.o)
 .ARM.attributes
                0x00000000000003c5       0x2c /Users/cnoviello/STM32Toolchain/gcc-arm-none-eabi-4_9-2015q2/bin/../lib/gcc/arm-none-eabi/4.9.3/../../../../arm-none-eabi/lib/armv6-m/libg_nano.a(lib_a-memcpy.o)
 .ARM.attributes
                0x00000000000003f1       0x2c /Users/cnoviello/STM32Toolchain/gcc-arm-none-eabi-4_9-2015q2/bin/../lib/gcc/arm-none-eabi/4.9.3/../../../../arm-none-eabi/lib/armv6-m/libg_nano.a(lib_a-vsnprintf.o)
 .ARM.attributes
                0x000000000000041d       0x2c /Users/cnoviello/STM32Toolchain/gcc-arm-none-eabi-4_9-2015q2/bin/../lib/gcc/arm-none-eabi/4.9.3/../../../../arm-none-eabi/lib/armv6-m/libg_nano.a(lib_a-nano-svfprintf.o)
 .ARM.attributes
                0x0000000000000449       0x2c /Users/cnoviello/STM32Toolchain/gcc-arm-none-eabi-4_9-2015q2/bin/../lib/gcc/arm-none-eabi/4.9.3/../../../../arm-none-eabi/lib/armv6-m/libg_nano.a(lib_a-nano-vfprintf_i.o)
 .ARM.attributes
                0x0000000000000475       0x2c /Users/cnoviello/STM32Toolchain/gcc-arm-none-eabi-4_9-2015q2/bin/../lib/gcc/arm-none-eabi/4.9.3/../../../../arm-none-eabi/lib/armv6-m/libg_nano.a(lib_a-memchr.o)
 .ARM.attributes
                0x00000000000004a1       0x2c /Users/cnoviello/STM32Toolchain/gcc-arm-none-eabi-4_9-2015q2/bin/../lib/gcc/arm-none-eabi/4.9.3/../../../../arm-none-eabi/lib/armv6-m/libg_nano.a(lib_a-memmove.o)
 .ARM.attributes
                0x00000000000004cd       0x2c /Users/cnoviello/STM32Toolchain/gcc-arm-none-eabi-4_9-2015q2/bin/../lib/gcc/arm-none-eabi/4.9.3/../../../../arm-none-eabi/lib/armv6-m/libg_nano.a(lib_a-nano-freer.o)
 .ARM.attributes
                0x00000000000004f9       0x2c /Users/cnoviello/STM32Toolchain/gcc-arm-none-eabi-4_9-2015q2/bin/../lib/gcc/arm-none-eabi/4.9.3/../../../../arm-none-eabi/lib/armv6-m/libg_nano.a(lib_a-nano-mallocr.o)
 .ARM.attributes
                0x0000000000000525       0x2c /Users/cnoviello/STM32Toolchain/gcc-arm-none-eabi-4_9-2015q2/bin/../lib/gcc/arm-none-eabi/4.9.3/../../../../arm-none-eabi/lib/armv6-m/libg_nano.a(lib_a-nano-reallocr.o)
 .ARM.attributes
                0x0000000000000551       0x2c /Users/cnoviello/STM32Toolchain/gcc-arm-none-eabi-4_9-2015q2/bin/../lib/gcc/arm-none-eabi/4.9.3/../../../../arm-none-eabi/lib/armv6-m/libg_nano.a(lib_a-sbrkr.o)
 .ARM.attributes
                0x000000000000057d       0x2c /Users/cnoviello/STM32Toolchain/gcc-arm-none-eabi-4_9-2015q2/bin/../lib/gcc/arm-none-eabi/4.9.3/../../../../arm-none-eabi/lib/armv6-m/libg_nano.a(lib_a-nano-msizer.o)

.debug
 *(.debug)

.line
 *(.line)

.debug_srcinfo
 *(.debug_srcinfo)

.debug_sfnames
 *(.debug_sfnames)

.debug_aranges  0x0000000000000000      0x480
 *(.debug_aranges)
 .debug_aranges
                0x0000000000000000       0xa0 ./system/src/stm32f0xx/stm32f0xx_hal.o
 .debug_aranges
                0x00000000000000a0       0x78 ./system/src/stm32f0xx/stm32f0xx_hal_cortex.o
 .debug_aranges
                0x0000000000000118       0x58 ./system/src/stm32f0xx/stm32f0xx_hal_gpio.o
 .debug_aranges
                0x0000000000000170       0x38 ./system/src/stm32f0xx/stm32f0xx_hal_msp_template.o
 .debug_aranges
                0x00000000000001a8       0x80 ./system/src/stm32f0xx/stm32f0xx_hal_rcc.o
 .debug_aranges
                0x0000000000000228       0x28 ./system/src/newlib/_exit.o
 .debug_aranges
                0x0000000000000250       0x20 ./system/src/newlib/_sbrk.o
 .debug_aranges
                0x0000000000000270       0x40 ./system/src/newlib/_startup.o
 .debug_aranges
                0x00000000000002b0       0x30 ./system/src/newlib/_syscalls.o
 .debug_aranges
                0x00000000000002e0       0x38 ./system/src/diag/Trace.o
 .debug_aranges
                0x0000000000000318       0x28 ./system/src/diag/trace_impl.o
 .debug_aranges
                0x0000000000000340       0x28 ./system/src/cortexm/_initialize_hardware.o
 .debug_aranges
                0x0000000000000368       0x58 ./system/src/cortexm/exception_handlers.o
 .debug_aranges
                0x00000000000003c0       0x28 ./system/src/cmsis/startup_stm32f030x8.o
 .debug_aranges
                0x00000000000003e8       0x28 ./system/src/cmsis/system_stm32f0xx.o
 .debug_aranges
                0x0000000000000410       0x30 ./src/main.o
 .debug_aranges
                0x0000000000000440       0x40 ./src/stm32f0xx_it.o

.debug_pubnames
 *(.debug_pubnames)

.debug_info     0x0000000000000000     0x366d
 *(.debug_info .gnu.linkonce.wi.*)
 .debug_info    0x0000000000000000      0x5ac ./system/src/stm32f0xx/stm32f0xx_hal.o
 .debug_info    0x00000000000005ac      0x730 ./system/src/stm32f0xx/stm32f0xx_hal_cortex.o
 .debug_info    0x0000000000000cdc      0x5c9 ./system/src/stm32f0xx/stm32f0xx_hal_gpio.o
 .debug_info    0x00000000000012a5       0xc9 ./system/src/stm32f0xx/stm32f0xx_hal_msp_template.o
 .debug_info    0x000000000000136e      0x9ae ./system/src/stm32f0xx/stm32f0xx_hal_rcc.o
 .debug_info    0x0000000000001d1c      0x100 ./system/src/newlib/_exit.o
 .debug_info    0x0000000000001e1c      0x125 ./system/src/newlib/_sbrk.o
 .debug_info    0x0000000000001f41      0x474 ./system/src/newlib/_startup.o
 .debug_info    0x00000000000023b5      0x1a9 ./system/src/newlib/_syscalls.o
 .debug_info    0x000000000000255e      0x32b ./system/src/diag/Trace.o
 .debug_info    0x0000000000002889       0xf8 ./system/src/diag/trace_impl.o
 .debug_info    0x0000000000002981       0xc3 ./system/src/cortexm/_initialize_hardware.o
 .debug_info    0x0000000000002a44      0x340 ./system/src/cortexm/exception_handlers.o
 .debug_info    0x0000000000002d84       0x85 ./system/src/cmsis/startup_stm32f030x8.o
 .debug_info    0x0000000000002e09      0x201 ./system/src/cmsis/system_stm32f0xx.o
 .debug_info    0x000000000000300a      0x573 ./src/main.o
 .debug_info    0x000000000000357d       0xf0 ./src/stm32f0xx_it.o

.debug_abbrev   0x0000000000000000     0x13e2
 *(.debug_abbrev)
 .debug_abbrev  0x0000000000000000      0x208 ./system/src/stm32f0xx/stm32f0xx_hal.o
 .debug_abbrev  0x0000000000000208      0x21d ./system/src/stm32f0xx/stm32f0xx_hal_cortex.o
 .debug_abbrev  0x0000000000000425      0x1d2 ./system/src/stm32f0xx/stm32f0xx_hal_gpio.o
 .debug_abbrev  0x00000000000005f7       0x45 ./system/src/stm32f0xx/stm32f0xx_hal_msp_template.o
 .debug_abbrev  0x000000000000063c      0x260 ./system/src/stm32f0xx/stm32f0xx_hal_rcc.o
 .debug_abbrev  0x000000000000089c       0xa4 ./system/src/newlib/_exit.o
 .debug_abbrev  0x0000000000000940       0xbb ./system/src/newlib/_sbrk.o
 .debug_abbrev  0x00000000000009fb      0x1e9 ./system/src/newlib/_startup.o
 .debug_abbrev  0x0000000000000be4       0xe7 ./system/src/newlib/_syscalls.o
 .debug_abbrev  0x0000000000000ccb      0x178 ./system/src/diag/Trace.o
 .debug_abbrev  0x0000000000000e43       0x9c ./system/src/diag/trace_impl.o
 .debug_abbrev  0x0000000000000edf       0x63 ./system/src/cortexm/_initialize_hardware.o
 .debug_abbrev  0x0000000000000f42      0x165 ./system/src/cortexm/exception_handlers.o
 .debug_abbrev  0x00000000000010a7       0x12 ./system/src/cmsis/startup_stm32f030x8.o
 .debug_abbrev  0x00000000000010b9       0xf3 ./system/src/cmsis/system_stm32f0xx.o
 .debug_abbrev  0x00000000000011ac      0x1bb ./src/main.o
 .debug_abbrev  0x0000000000001367       0x7b ./src/stm32f0xx_it.o

.debug_line     0x0000000000000000     0x41c8
 *(.debug_line)
 .debug_line    0x0000000000000000      0x5b5 ./system/src/stm32f0xx/stm32f0xx_hal.o
 .debug_line    0x00000000000005b5      0x5d0 ./system/src/stm32f0xx/stm32f0xx_hal_cortex.o
 .debug_line    0x0000000000000b85      0x5bb ./system/src/stm32f0xx/stm32f0xx_hal_gpio.o
 .debug_line    0x0000000000001140      0x4c9 ./system/src/stm32f0xx/stm32f0xx_hal_msp_template.o
 .debug_line    0x0000000000001609      0x755 ./system/src/stm32f0xx/stm32f0xx_hal_rcc.o
 .debug_line    0x0000000000001d5e      0x2de ./system/src/newlib/_exit.o
 .debug_line    0x000000000000203c      0x280 ./system/src/newlib/_sbrk.o
 .debug_line    0x00000000000022bc      0x33f ./system/src/newlib/_startup.o
 .debug_line    0x00000000000025fb      0x3bf ./system/src/newlib/_syscalls.o
 .debug_line    0x00000000000029ba      0x33a ./system/src/diag/Trace.o
 .debug_line    0x0000000000002cf4      0x35d ./system/src/diag/trace_impl.o
 .debug_line    0x0000000000003051      0x180 ./system/src/cortexm/_initialize_hardware.o
 .debug_line    0x00000000000031d1      0x41b ./system/src/cortexm/exception_handlers.o
 .debug_line    0x00000000000035ec       0x8c ./system/src/cmsis/startup_stm32f030x8.o
 .debug_line    0x0000000000003678      0x184 ./system/src/cmsis/system_stm32f0xx.o
 .debug_line    0x00000000000037fc      0x4da ./src/main.o
 .debug_line    0x0000000000003cd6      0x4f2 ./src/stm32f0xx_it.o

.debug_frame    0x0000000000000000      0xac8
 *(.debug_frame)
 .debug_frame   0x0000000000000000      0x144 ./system/src/stm32f0xx/stm32f0xx_hal.o
 .debug_frame   0x0000000000000144       0xe4 ./system/src/stm32f0xx/stm32f0xx_hal_cortex.o
 .debug_frame   0x0000000000000228       0xd0 ./system/src/stm32f0xx/stm32f0xx_hal_gpio.o
 .debug_frame   0x00000000000002f8       0x50 ./system/src/stm32f0xx/stm32f0xx_hal_msp_template.o
 .debug_frame   0x0000000000000348      0x130 ./system/src/stm32f0xx/stm32f0xx_hal_rcc.o
 .debug_frame   0x0000000000000478       0x38 ./system/src/newlib/_exit.o
 .debug_frame   0x00000000000004b0       0x28 ./system/src/newlib/_sbrk.o
 .debug_frame   0x00000000000004d8       0x80 ./system/src/newlib/_startup.o
 .debug_frame   0x0000000000000558       0x50 ./system/src/newlib/_syscalls.o
 .debug_frame   0x00000000000005a8       0x78 ./system/src/diag/Trace.o
 .debug_frame   0x0000000000000620       0x30 ./system/src/diag/trace_impl.o
 .debug_frame   0x0000000000000650       0x40 ./system/src/cortexm/_initialize_hardware.o
 .debug_frame   0x0000000000000690       0xb0 ./system/src/cortexm/exception_handlers.o
 .debug_frame   0x0000000000000740       0x38 ./system/src/cmsis/system_stm32f0xx.o
 .debug_frame   0x0000000000000778       0x50 ./src/main.o
 .debug_frame   0x00000000000007c8       0x68 ./src/stm32f0xx_it.o
 .debug_frame   0x0000000000000830       0x20 /Users/cnoviello/STM32Toolchain/gcc-arm-none-eabi-4_9-2015q2/bin/../lib/gcc/arm-none-eabi/4.9.3/armv6-m/libgcc.a(_udivsi3.o)
 .debug_frame   0x0000000000000850       0x20 /Users/cnoviello/STM32Toolchain/gcc-arm-none-eabi-4_9-2015q2/bin/../lib/gcc/arm-none-eabi/4.9.3/../../../../arm-none-eabi/lib/armv6-m/libg_nano.a(lib_a-errno.o)
 .debug_frame   0x0000000000000870       0x28 /Users/cnoviello/STM32Toolchain/gcc-arm-none-eabi-4_9-2015q2/bin/../lib/gcc/arm-none-eabi/4.9.3/../../../../arm-none-eabi/lib/armv6-m/libg_nano.a(lib_a-memcpy.o)
 .debug_frame   0x0000000000000898       0x4c /Users/cnoviello/STM32Toolchain/gcc-arm-none-eabi-4_9-2015q2/bin/../lib/gcc/arm-none-eabi/4.9.3/../../../../arm-none-eabi/lib/armv6-m/libg_nano.a(lib_a-vsnprintf.o)
 .debug_frame   0x00000000000008e4       0x74 /Users/cnoviello/STM32Toolchain/gcc-arm-none-eabi-4_9-2015q2/bin/../lib/gcc/arm-none-eabi/4.9.3/../../../../arm-none-eabi/lib/armv6-m/libg_nano.a(lib_a-nano-svfprintf.o)
 .debug_frame   0x0000000000000958       0x54 /Users/cnoviello/STM32Toolchain/gcc-arm-none-eabi-4_9-2015q2/bin/../lib/gcc/arm-none-eabi/4.9.3/../../../../arm-none-eabi/lib/armv6-m/libg_nano.a(lib_a-nano-vfprintf_i.o)
 .debug_frame   0x00000000000009ac       0x20 /Users/cnoviello/STM32Toolchain/gcc-arm-none-eabi-4_9-2015q2/bin/../lib/gcc/arm-none-eabi/4.9.3/../../../../arm-none-eabi/lib/armv6-m/libg_nano.a(lib_a-memchr.o)
 .debug_frame   0x00000000000009cc       0x28 /Users/cnoviello/STM32Toolchain/gcc-arm-none-eabi-4_9-2015q2/bin/../lib/gcc/arm-none-eabi/4.9.3/../../../../arm-none-eabi/lib/armv6-m/libg_nano.a(lib_a-memmove.o)
 .debug_frame   0x00000000000009f4       0x2c /Users/cnoviello/STM32Toolchain/gcc-arm-none-eabi-4_9-2015q2/bin/../lib/gcc/arm-none-eabi/4.9.3/../../../../arm-none-eabi/lib/armv6-m/libg_nano.a(lib_a-nano-freer.o)
 .debug_frame   0x0000000000000a20       0x2c /Users/cnoviello/STM32Toolchain/gcc-arm-none-eabi-4_9-2015q2/bin/../lib/gcc/arm-none-eabi/4.9.3/../../../../arm-none-eabi/lib/armv6-m/libg_nano.a(lib_a-nano-mallocr.o)
 .debug_frame   0x0000000000000a4c       0x30 /Users/cnoviello/STM32Toolchain/gcc-arm-none-eabi-4_9-2015q2/bin/../lib/gcc/arm-none-eabi/4.9.3/../../../../arm-none-eabi/lib/armv6-m/libg_nano.a(lib_a-nano-reallocr.o)
 .debug_frame   0x0000000000000a7c       0x2c /Users/cnoviello/STM32Toolchain/gcc-arm-none-eabi-4_9-2015q2/bin/../lib/gcc/arm-none-eabi/4.9.3/../../../../arm-none-eabi/lib/armv6-m/libg_nano.a(lib_a-sbrkr.o)
 .debug_frame   0x0000000000000aa8       0x20 /Users/cnoviello/STM32Toolchain/gcc-arm-none-eabi-4_9-2015q2/bin/../lib/gcc/arm-none-eabi/4.9.3/../../../../arm-none-eabi/lib/armv6-m/libg_nano.a(lib_a-nano-msizer.o)

.debug_str      0x0000000000000000    0x3cc9e
 *(.debug_str)
 .debug_str     0x0000000000000000    0x38e68 ./system/src/stm32f0xx/stm32f0xx_hal.o
                                      0x3921c (size before relaxing)
 .debug_str     0x0000000000038e68      0x1d2 ./system/src/stm32f0xx/stm32f0xx_hal_cortex.o
                                      0x390ce (size before relaxing)
 .debug_str     0x000000000003903a      0x2d5 ./system/src/stm32f0xx/stm32f0xx_hal_gpio.o
                                      0x39017 (size before relaxing)
 .debug_str     0x000000000003930f       0x57 ./system/src/stm32f0xx/stm32f0xx_hal_msp_template.o
                                      0x38ced (size before relaxing)
 .debug_str     0x0000000000039366      0x336 ./system/src/stm32f0xx/stm32f0xx_hal_rcc.o
                                      0x39158 (size before relaxing)
 .debug_str     0x000000000003969c      0xeeb ./system/src/newlib/_exit.o
                                       0x5cda (size before relaxing)
 .debug_str     0x000000000003a587      0x4de ./system/src/newlib/_sbrk.o
                                       0x444c (size before relaxing)
 .debug_str     0x000000000003aa65      0x266 ./system/src/newlib/_startup.o
                                       0x4024 (size before relaxing)
 .debug_str     0x000000000003accb     0x1174 ./system/src/newlib/_syscalls.o
                                       0x6446 (size before relaxing)
 .debug_str     0x000000000003be3f      0x191 ./system/src/diag/Trace.o
                                       0x65fb (size before relaxing)
 .debug_str     0x000000000003bfd0       0x42 ./system/src/diag/trace_impl.o
                                      0x1a043 (size before relaxing)
 .debug_str     0x000000000003c012       0x4e ./system/src/cortexm/_initialize_hardware.o
                                      0x174ce (size before relaxing)
 .debug_str     0x000000000003c060      0x166 ./system/src/cortexm/exception_handlers.o
                                      0x1ad99 (size before relaxing)
 .debug_str     0x000000000003c1c6       0x46 ./system/src/cmsis/system_stm32f0xx.o
                                      0x17568 (size before relaxing)
 .debug_str     0x000000000003c20c      0xa6a ./src/main.o
                                      0x39978 (size before relaxing)
 .debug_str     0x000000000003cc76       0x28 ./src/stm32f0xx_it.o
                                      0x39724 (size before relaxing)

.debug_loc      0x0000000000000000     0x10d8
 *(.debug_loc)
 .debug_loc     0x0000000000000000       0x6a ./system/src/stm32f0xx/stm32f0xx_hal.o
 .debug_loc     0x000000000000006a      0x268 ./system/src/stm32f0xx/stm32f0xx_hal_cortex.o
 .debug_loc     0x00000000000002d2      0x28f ./system/src/stm32f0xx/stm32f0xx_hal_gpio.o
 .debug_loc     0x0000000000000561      0x58a ./system/src/stm32f0xx/stm32f0xx_hal_rcc.o
 .debug_loc     0x0000000000000aeb       0x7b ./system/src/newlib/_sbrk.o
 .debug_loc     0x0000000000000b66      0x265 ./system/src/newlib/_startup.o
 .debug_loc     0x0000000000000dcb       0x63 ./system/src/newlib/_syscalls.o
 .debug_loc     0x0000000000000e2e       0xf7 ./system/src/diag/Trace.o
 .debug_loc     0x0000000000000f25       0x21 ./system/src/diag/trace_impl.o
 .debug_loc     0x0000000000000f46       0x94 ./system/src/cortexm/exception_handlers.o
 .debug_loc     0x0000000000000fda       0xfe ./system/src/cmsis/system_stm32f0xx.o

.debug_macinfo
 *(.debug_macinfo)

.debug_weaknames
 *(.debug_weaknames)

.debug_funcnames
 *(.debug_funcnames)

.debug_typenames
 *(.debug_typenames)

.debug_varnames
 *(.debug_varnames)
OUTPUT(test-f0.elf elf32-littlearm)

.debug_ranges   0x0000000000000000      0x390
 .debug_ranges  0x0000000000000000       0x90 ./system/src/stm32f0xx/stm32f0xx_hal.o
 .debug_ranges  0x0000000000000090       0x68 ./system/src/stm32f0xx/stm32f0xx_hal_cortex.o
 .debug_ranges  0x00000000000000f8       0x48 ./system/src/stm32f0xx/stm32f0xx_hal_gpio.o
 .debug_ranges  0x0000000000000140       0x28 ./system/src/stm32f0xx/stm32f0xx_hal_msp_template.o
 .debug_ranges  0x0000000000000168       0x70 ./system/src/stm32f0xx/stm32f0xx_hal_rcc.o
 .debug_ranges  0x00000000000001d8       0x18 ./system/src/newlib/_exit.o
 .debug_ranges  0x00000000000001f0       0x10 ./system/src/newlib/_sbrk.o
 .debug_ranges  0x0000000000000200       0x48 ./system/src/newlib/_startup.o
 .debug_ranges  0x0000000000000248       0x20 ./system/src/newlib/_syscalls.o
 .debug_ranges  0x0000000000000268       0x28 ./system/src/diag/Trace.o
 .debug_ranges  0x0000000000000290       0x18 ./system/src/diag/trace_impl.o
 .debug_ranges  0x00000000000002a8       0x18 ./system/src/cortexm/_initialize_hardware.o
 .debug_ranges  0x00000000000002c0       0x48 ./system/src/cortexm/exception_handlers.o
 .debug_ranges  0x0000000000000308       0x20 ./system/src/cmsis/startup_stm32f030x8.o
 .debug_ranges  0x0000000000000328       0x18 ./system/src/cmsis/system_stm32f0xx.o
 .debug_ranges  0x0000000000000340       0x20 ./src/main.o
 .debug_ranges  0x0000000000000360       0x30 ./src/stm32f0xx_it.o

.debug_macro    0x0000000000000000     0xaf76
 .debug_macro   0x0000000000000000      0x212 ./system/src/stm32f0xx/stm32f0xx_hal.o
 .debug_macro   0x0000000000000212      0x832 ./system/src/stm32f0xx/stm32f0xx_hal.o
 .debug_macro   0x0000000000000a44       0x8c ./system/src/stm32f0xx/stm32f0xx_hal.o
 .debug_macro   0x0000000000000ad0       0x2e ./system/src/stm32f0xx/stm32f0xx_hal.o
 .debug_macro   0x0000000000000afe       0x22 ./system/src/stm32f0xx/stm32f0xx_hal.o
 .debug_macro   0x0000000000000b20       0x3a ./system/src/stm32f0xx/stm32f0xx_hal.o
 .debug_macro   0x0000000000000b5a      0x34e ./system/src/stm32f0xx/stm32f0xx_hal.o
 .debug_macro   0x0000000000000ea8       0x1f ./system/src/stm32f0xx/stm32f0xx_hal.o
 .debug_macro   0x0000000000000ec7      0x242 ./system/src/stm32f0xx/stm32f0xx_hal.o
 .debug_macro   0x0000000000001109     0x33f8 ./system/src/stm32f0xx/stm32f0xx_hal.o
 .debug_macro   0x0000000000004501       0x3c ./system/src/stm32f0xx/stm32f0xx_hal.o
 .debug_macro   0x000000000000453d     0x2ac7 ./system/src/stm32f0xx/stm32f0xx_hal.o
 .debug_macro   0x0000000000007004       0x58 ./system/src/stm32f0xx/stm32f0xx_hal.o
 .debug_macro   0x000000000000705c       0x22 ./system/src/stm32f0xx/stm32f0xx_hal.o
 .debug_macro   0x000000000000707e       0x35 ./system/src/stm32f0xx/stm32f0xx_hal.o
 .debug_macro   0x00000000000070b3       0x9c ./system/src/stm32f0xx/stm32f0xx_hal.o
 .debug_macro   0x000000000000714f       0x16 ./system/src/stm32f0xx/stm32f0xx_hal.o
 .debug_macro   0x0000000000007165       0x4a ./system/src/stm32f0xx/stm32f0xx_hal.o
 .debug_macro   0x00000000000071af       0x97 ./system/src/stm32f0xx/stm32f0xx_hal.o
 .debug_macro   0x0000000000007246      0x27a ./system/src/stm32f0xx/stm32f0xx_hal.o
 .debug_macro   0x00000000000074c0       0xf6 ./system/src/stm32f0xx/stm32f0xx_hal.o
 .debug_macro   0x00000000000075b6       0x10 ./system/src/stm32f0xx/stm32f0xx_hal.o
 .debug_macro   0x00000000000075c6       0x52 ./system/src/stm32f0xx/stm32f0xx_hal.o
 .debug_macro   0x0000000000007618       0x16 ./system/src/stm32f0xx/stm32f0xx_hal.o
 .debug_macro   0x000000000000762e       0x43 ./system/src/stm32f0xx/stm32f0xx_hal.o
 .debug_macro   0x0000000000007671      0x180 ./system/src/stm32f0xx/stm32f0xx_hal.o
 .debug_macro   0x00000000000077f1       0x10 ./system/src/stm32f0xx/stm32f0xx_hal.o
 .debug_macro   0x0000000000007801       0x22 ./system/src/stm32f0xx/stm32f0xx_hal.o
 .debug_macro   0x0000000000007823       0x22 ./system/src/stm32f0xx/stm32f0xx_hal.o
 .debug_macro   0x0000000000007845       0xbe ./system/src/stm32f0xx/stm32f0xx_hal.o
 .debug_macro   0x0000000000007903       0x16 ./system/src/stm32f0xx/stm32f0xx_hal.o
 .debug_macro   0x0000000000007919      0x197 ./system/src/stm32f0xx/stm32f0xx_hal.o
 .debug_macro   0x0000000000007ab0       0x50 ./system/src/stm32f0xx/stm32f0xx_hal.o
 .debug_macro   0x0000000000007b00      0x936 ./system/src/stm32f0xx/stm32f0xx_hal.o
 .debug_macro   0x0000000000008436      0x16a ./system/src/stm32f0xx/stm32f0xx_hal.o
 .debug_macro   0x00000000000085a0      0x13a ./system/src/stm32f0xx/stm32f0xx_hal.o
 .debug_macro   0x00000000000086da       0xdf ./system/src/stm32f0xx/stm32f0xx_hal.o
 .debug_macro   0x00000000000087b9       0x31 ./system/src/stm32f0xx/stm32f0xx_hal.o
 .debug_macro   0x00000000000087ea       0xb6 ./system/src/stm32f0xx/stm32f0xx_hal.o
 .debug_macro   0x00000000000088a0      0x199 ./system/src/stm32f0xx/stm32f0xx_hal.o
 .debug_macro   0x0000000000008a39       0xf8 ./system/src/stm32f0xx/stm32f0xx_hal.o
 .debug_macro   0x0000000000008b31      0x1ee ./system/src/stm32f0xx/stm32f0xx_hal_cortex.o
 .debug_macro   0x0000000000008d1f      0x227 ./system/src/stm32f0xx/stm32f0xx_hal_gpio.o
 .debug_macro   0x0000000000008f46      0x1ee ./system/src/stm32f0xx/stm32f0xx_hal_msp_template.o
 .debug_macro   0x0000000000009134      0x200 ./system/src/stm32f0xx/stm32f0xx_hal_rcc.o
 .debug_macro   0x0000000000009334      0x131 ./system/src/newlib/_exit.o
 .debug_macro   0x0000000000009465      0x10e ./system/src/newlib/_exit.o
 .debug_macro   0x0000000000009573       0x86 ./system/src/newlib/_exit.o
 .debug_macro   0x00000000000095f9       0x35 ./system/src/newlib/_exit.o
 .debug_macro   0x000000000000962e       0xda ./system/src/newlib/_sbrk.o
 .debug_macro   0x0000000000009708       0x19 ./system/src/newlib/_sbrk.o
 .debug_macro   0x0000000000009721      0x16d ./system/src/newlib/_sbrk.o
 .debug_macro   0x000000000000988e       0x10 ./system/src/newlib/_sbrk.o
 .debug_macro   0x000000000000989e      0x23b ./system/src/newlib/_sbrk.o
 .debug_macro   0x0000000000009ad9       0xe4 ./system/src/newlib/_startup.o
 .debug_macro   0x0000000000009bbd      0x1ad ./system/src/newlib/_syscalls.o
 .debug_macro   0x0000000000009d6a       0x1c ./system/src/newlib/_syscalls.o
 .debug_macro   0x0000000000009d86       0x10 ./system/src/newlib/_syscalls.o
 .debug_macro   0x0000000000009d96       0x10 ./system/src/newlib/_syscalls.o
 .debug_macro   0x0000000000009da6       0x10 ./system/src/newlib/_syscalls.o
 .debug_macro   0x0000000000009db6       0x10 ./system/src/newlib/_syscalls.o
 .debug_macro   0x0000000000009dc6       0x35 ./system/src/newlib/_syscalls.o
 .debug_macro   0x0000000000009dfb      0x122 ./system/src/newlib/_syscalls.o
 .debug_macro   0x0000000000009f1d       0x2e ./system/src/newlib/_syscalls.o
 .debug_macro   0x0000000000009f4b       0x82 ./system/src/newlib/_syscalls.o
 .debug_macro   0x0000000000009fcd       0x2b ./system/src/newlib/_syscalls.o
 .debug_macro   0x0000000000009ff8      0x118 ./system/src/newlib/_syscalls.o
 .debug_macro   0x000000000000a110      0x13e ./system/src/newlib/_syscalls.o
 .debug_macro   0x000000000000a24e       0x16 ./system/src/newlib/_syscalls.o
 .debug_macro   0x000000000000a264      0x15e ./system/src/diag/Trace.o
 .debug_macro   0x000000000000a3c2       0x52 ./system/src/diag/Trace.o
 .debug_macro   0x000000000000a414       0x16 ./system/src/diag/Trace.o
 .debug_macro   0x000000000000a42a      0x15b ./system/src/diag/trace_impl.o
 .debug_macro   0x000000000000a585       0x10 ./system/src/diag/trace_impl.o
 .debug_macro   0x000000000000a595       0xc8 ./system/src/diag/trace_impl.o
 .debug_macro   0x000000000000a65d       0xbe ./system/src/diag/trace_impl.o
 .debug_macro   0x000000000000a71b       0x79 ./system/src/cortexm/_initialize_hardware.o
 .debug_macro   0x000000000000a794      0x1a7 ./system/src/cortexm/exception_handlers.o
 .debug_macro   0x000000000000a93b       0x22 ./system/src/cortexm/exception_handlers.o
 .debug_macro   0x000000000000a95d       0x10 ./system/src/cortexm/exception_handlers.o
 .debug_macro   0x000000000000a96d       0x7b ./system/src/cmsis/system_stm32f0xx.o
 .debug_macro   0x000000000000a9e8      0x201 ./src/main.o
 .debug_macro   0x000000000000abe9      0x182 ./src/main.o
 .debug_macro   0x000000000000ad6b      0x20b ./src/stm32f0xx_it.o
